6
8
1.100000
1.000100
error@5: Incorrect_type (max, float, int)
