[5, 6]
[4, 5, 6]
[5, 6, 7]
[4, 5]
[]
error@7: Invalid_slice (1, -4)
