6
["hello", "this", "is", "a", "test", "string"]
["hello", "hello", "hello"]
3
hello
