11316.000000
11316 is the answer
true should be true
this should be printed
1
151.290000
