12.413100
2.340000
14.753100
10.073100
29.046654
5.304744
true
false
true
false
false
true
