/Users/codygibb/dev/ocaml/blueshell/
/Users/codygibb/dev/ocaml/blueshell/
/Users/codygibb/dev/ocaml/blueshell/
/Users/codygibb/dev/ocaml/blueshell/
/Users/codygibb/dev/ocaml/blueshell/
/Users/codygibb/dev/ocaml/blueshell/
/Users/codygibb/dev/ocaml/blueshell/
/Users/codygibb/dev/ocaml/blueshell/
