Hello Cody, your name is Cody
-.-.--.-.-
nothing to replace
