int
float
bool
str
list
dict
func
func
func
nil
nil
nil
