error: Incorrect_type (for, int, list | func -> (prim, bool))
