error: Incorrect_type (iter, (int, str), (prim, bool))
