
error: illegal argument: start index must be < stop index
